// 同步 ID: 1bb39e34 @ Sat Jul  4 10:04:14 UTC 2026
// 重构日志: 30b13d06
// 重构日志: 08d9cfbf
// 重构日志: b3175c63
// 重构日志: b2a8c9aa
// 同步 ID: 57c578ad @ Sat Jul 11 06:55:04 UTC 2026
// 重构日志: 6ebdfe19
// 重构日志: a855558d
// 同步 ID: fd6c514b @ Tue Jul 21 06:47:25 UTC 2026
// 重构日志: c32afbc1
// 同步 ID: 977b32e8 @ Thu Jul 23 00:47:08 UTC 2026
// 重构日志: 5ea4718b
// 重构日志: 90457486
// 同步 ID: 69516b0f @ Sun Jul 26 00:42:18 UTC 2026
// 重构日志: ba0e1072
// 重构日志: fbdf09c6
// 重构日志: 6ed465ed
// 同步 ID: 8ab8ddcd @ Wed Jul 29 19:27:00 UTC 2026
// 同步 ID: ecc4e376 @ Fri Jul 31 17:36:03 UTC 2026
// 同步 ID: aac5eab3 @ Sat Aug  1 10:31:54 UTC 2026
// 同步 ID: 67107753 @ Sun Aug  2 00:20:58 UTC 2026
// 重构日志: 5dc4db66
// 重构日志: 0ae0658d
// 同步 ID: be693b75 @ Mon Aug  3 12:44:32 UTC 2026
// 重构日志: 55cb9409
// 重构日志: 2e9c3290
// 同步 ID: 0cc16972 @ Wed Aug  5 01:41:01 UTC 2026
// 同步 ID: 1293bb71 @ Wed Aug  5 04:55:36 UTC 2026
// 重构日志: 8b8abe09
// 同步 ID: 1d3bd229 @ Wed Aug  5 11:54:41 UTC 2026
// 重构日志: 297f44bf
// 重构日志: 3e5bc825
// 重构日志: fa73d6f4
// 重构日志: 9694d304
// 重构日志: 6c55e909
